---
source: crates/typlite/tests/convert.rs
expression: markdown
input_file: crates/typlite/fixtures/convert/bibliography_read_source.typ
---
Reference citation: <a id="cite-doe2020-1" href="#ref-doe2020">(Doe, 2020)</a>.

<section data-typlite-bibliography="true">
  <h2>References</h2>
  <div id="ref-doe2020" class="csl-entry">Doe, J. (2020). A Tiny Reference. Journal of Small Documents. <a href="#cite-doe2020-1" class="csl-backref" aria-label="Back to citation">&#8617;</a></div>
</section>
