---
source: crates/typlite/tests/convert.rs
expression: markdown
input_file: crates/typlite/fixtures/convert/element_coverage.typ
---
# Coverage

- List item with *emphasis*
- List item with a link

  2. starts with a number
  3. Enum item with **strong text**
  4. Enum item with `inline code`

     - Nested list item with underlined text

     1. Enum item
- back to the first level



> A block quote with underlined text.

Figure: A rectangle

Centered

Boxed Padded Moved Rotated Scaled Skewed

Highlighted Small caps Struck Subscript Superscript

{  "func": "sequence",  "children": [    {      "func": "attach",      "base": {        "func": "symbol",        "text": "x"      },      "t": {        "func": "text",        "text": "2"      },      "b": {        "func": "text",        "text": "1"      }    },    {      "func": "space"    },    {      "func": "symbol",      "text": "+"    },    {      "func": "space"    },    {      "func": "symbol",      "text": "y"    },    {      "func": "space"    },    {      "func": "symbol",      "text": "="    },    {      "func": "space"    },    {      "func": "root",      "radicand": {        "func": "text",        "text": "4"      }    }  ]}

fn main() {}
