---
source: crates/typlite/tests/convert.rs
expression: markdown
input_file: crates/typlite/fixtures/convert/element_coverage.typ
---
<a id="title"></a>
# Coverage

- List item with *emphasis*
- List item with [a link](https://example.com)

  2. starts with a number
  3. Enum item with **strong text**
  4. Enum item with `inline code`

     - Nested list item with <u>underlined text</u>

     1. Enum item
- back to the first level

[Heading with *emphasis* and [a link](https://example.com)](#title)

> A block quote with
> 
> <u>underlined text</u>.

<figure>
<img alt="rect" src="data:image/svg+xml;utf8,%3Csvg%20class%3D%22typst-frame%22%20style%3D%22overflow%3A%20visible%3B%20width%3A%201.4545454545454546em%3B%20height%3A%200.7272727272727273em%3B%22%20viewBox%3D%220%200%2016%208%22%20width%3D%2216pt%22%20height%3D%228pt%22%20xmlns%3D%22http%3A%2F%2Fwww.w3.org%2F2000%2Fsvg%22%20xmlns%3Axlink%3D%22http%3A%2F%2Fwww.w3.org%2F1999%2Fxlink%22%20xmlns%3Ah5%3D%22http%3A%2F%2Fwww.w3.org%2F1999%2Fxhtml%22%3E%3Cg%3E%3Cpath%20class%3D%22typst-shape%22%20fill%3D%22none%22%20stroke%3D%22%23000000%22%20stroke-width%3D%221%22%20stroke-linecap%3D%22butt%22%20stroke-linejoin%3D%22miter%22%20stroke-miterlimit%3D%224%22%20d%3D%22M%200%200v%208%20h%2016%20v%20-8%20Z%20%22%2F%3E%3C%2Fg%3E%3C%2Fsvg%3E">
<figcaption>A rectangle</figcaption>
</figure>

<table>
  <tr>
    <td>A</td>
    <td>B</td>
  </tr>
  <tr>
    <td><em>C</em></td>
    <td style="text-align: center"><strong>D</strong></td>
  </tr>
  <tr>
    <td colspan="2">E</td>
  </tr>
  <tr>
    <td>F</td>
    <td>G</td>
  </tr>
</table>

<table>
  <tr>
    <td>G1</td>
    <td style="text-align: right">G2</td>
  </tr>
</table>

<div style="text-align: center">
  Centered
</div>

<span style="display: inline-block">Boxed</span>

<div style="display: block; padding-left: calc(0% + 1pt); padding-top: calc(0% + 1pt); padding-right: calc(0% + 1pt); padding-bottom: calc(0% + 1pt)">
  Padded
</div>

<div style="display: block; transform: translate(calc(0% + 1pt), calc(0% + 1pt))">
  Moved
</div>

<div style="display: block; transform: rotate(10deg)">
  Rotated
</div>

<div style="display: block; transform: scale(0.8, 0.8)">
  Scaled
</div>

<div style="display: block; transform: skew(10deg, 0deg)">
  Skewed
</div>

<mark>Highlighted</mark> <span style="font-variant: small-caps">Small caps</span> ~~Struck~~ <sub>Subscript</sub> <sup>Superscript</sup>

$$x_{1}^{2} + y = \sqrt{4}$$

```rust
fn main() {}
```
