---
source: crates/typlite/tests/convert.rs
expression: render_element_spec()
---
align
  enum: Align
  kind: align
  mode: block
  fields:
    - alignment
    - body

bibliography
  enum: Bibliography
  kind: bibliography
  mode: block
  fields:
    - sources
    - title
    - full
    - style

block
  enum: Block
  kind: block
  mode: block
  fields:
    - width
    - height
    - breakable
    - fill
    - stroke
    - radius
    - inset
    - outset
    - spacing
    - above
    - below
    - clip
    - sticky
    - body

box
  enum: Box
  kind: box
  mode: inline
  fields:
    - width
    - height
    - baseline
    - fill
    - stroke
    - radius
    - inset
    - outset
    - clip
    - body

circle
  enum: Circle
  kind: circle
  mode: inline
  fields:
    - radius
    - width
    - height
    - fill
    - stroke
    - inset
    - outset
    - body

cite
  enum: Cite
  kind: cite
  mode: inline
  fields:
    - key
    - supplement
    - form
    - style

colbreak
  enum: Colbreak
  kind: colbreak
  mode: block
  fields:
    - weak

columns
  enum: Columns
  kind: columns
  mode: block
  fields:
    - count
    - gutter
    - body

curve
  enum: Curve
  kind: curve
  mode: inline
  fields:
    - fill
    - fill-rule
    - stroke
    - components

curve.close
  enum: CurveClose
  kind: curve-close
  mode: inline
  fields:
    - mode

curve.cubic
  enum: CurveCubic
  kind: curve-cubic
  mode: inline
  fields:
    - control-start
    - control-end
    - end
    - relative

curve.line
  enum: CurveLine
  kind: curve-line
  mode: inline
  fields:
    - end
    - relative

curve.move
  enum: CurveMove
  kind: curve-move
  mode: inline
  fields:
    - start
    - relative

curve.quad
  enum: CurveQuad
  kind: curve-quad
  mode: inline
  fields:
    - control
    - end
    - relative

document
  enum: Document
  kind: document
  mode: inline
  fields:
    - title
    - author
    - description
    - keywords
    - date

ellipse
  enum: Ellipse
  kind: ellipse
  mode: inline
  fields:
    - width
    - height
    - fill
    - stroke
    - inset
    - outset
    - body

emph
  enum: Emph
  kind: emph
  mode: inline
  fields:
    - body

enum
  enum: Enum
  kind: enum
  mode: block
  fields:
    - tight
    - numbering
    - start
    - full
    - reversed
    - indent
    - body-indent
    - spacing
    - number-align
    - children

figure
  enum: Figure
  kind: figure
  mode: block
  fields:
    - body
    - alt
    - placement
    - scope
    - caption
    - kind
    - supplement
    - numbering
    - gap
    - outlined
    - counter

figure.caption
  enum: FigureCaption
  kind: figure-caption
  mode: inline
  fields:
    - position
    - separator
    - body
    - kind
    - supplement
    - numbering
    - counter

footnote
  enum: Footnote
  kind: footnote
  mode: inline
  fields:
    - numbering
    - body

footnote.entry
  enum: FootnoteEntry
  kind: footnote-entry
  mode: inline
  fields:
    - note
    - separator
    - clearance
    - gap
    - indent

grid
  enum: Grid
  kind: grid
  mode: block
  fields:
    - columns
    - rows
    - gutter
    - column-gutter
    - row-gutter
    - inset
    - align
    - fill
    - stroke
    - children

grid.cell
  enum: GridCell
  kind: grid-cell
  mode: inline
  fields:
    - body
    - x
    - y
    - colspan
    - rowspan
    - inset
    - align
    - fill
    - stroke
    - breakable

grid.footer
  enum: GridFooter
  kind: grid-footer
  mode: inline
  fields:
    - repeat
    - children

grid.header
  enum: GridHeader
  kind: grid-header
  mode: inline
  fields:
    - repeat
    - level
    - children

grid.hline
  enum: GridHline
  kind: grid-hline
  mode: inline
  fields:
    - y
    - start
    - end
    - stroke
    - position

grid.vline
  enum: GridVline
  kind: grid-vline
  mode: inline
  fields:
    - x
    - start
    - end
    - stroke
    - position

h
  enum: H
  kind: h
  mode: inline
  fields:
    - amount
    - weak

heading
  enum: Heading
  kind: heading
  mode: block
  fields:
    - level
    - depth
    - offset
    - numbering
    - supplement
    - outlined
    - bookmarked
    - hanging-indent
    - body

hide
  enum: Hide
  kind: hide
  mode: inline
  fields:
    - body

highlight
  enum: Highlight
  kind: highlight
  mode: inline
  fields:
    - fill
    - stroke
    - top-edge
    - bottom-edge
    - extent
    - radius
    - body

image
  enum: Image
  kind: image
  mode: inline
  fields:
    - source
    - format
    - width
    - height
    - alt
    - page
    - fit
    - scaling
    - icc

line
  enum: Line
  kind: line
  mode: inline
  fields:
    - start
    - end
    - length
    - angle
    - stroke

linebreak
  enum: Linebreak
  kind: linebreak
  mode: inline
  fields:
    - justify

link
  enum: Link
  kind: link
  mode: inline
  fields:
    - dest
    - body

list
  enum: List
  kind: list
  mode: block
  fields:
    - tight
    - marker
    - indent
    - body-indent
    - spacing
    - children

math.accent
  enum: MathAccent
  kind: math-accent
  mode: inline
  fields:
    - base
    - accent
    - size
    - dotless

math.attach
  enum: MathAttach
  kind: math-attach
  mode: inline
  fields:
    - base
    - t
    - b
    - tl
    - bl
    - tr
    - br

math.binom
  enum: MathBinom
  kind: math-binom
  mode: inline
  fields:
    - upper
    - lower

math.cancel
  enum: MathCancel
  kind: math-cancel
  mode: inline
  fields:
    - body
    - length
    - inverted
    - cross
    - angle
    - stroke

math.cases
  enum: MathCases
  kind: math-cases
  mode: inline
  fields:
    - delim
    - reverse
    - gap
    - children

math.class
  enum: MathClass
  kind: math-class
  mode: inline
  fields:
    - class
    - body

math.equation
  enum: MathEquation
  kind: math-equation
  mode: block-or-inline
  fields:
    - block
    - numbering
    - number-align
    - supplement
    - alt
    - body

math.frac
  enum: MathFrac
  kind: math-frac
  mode: inline
  fields:
    - num
    - denom
    - style

math.limits
  enum: MathLimits
  kind: math-limits
  mode: inline
  fields:
    - body
    - inline

math.lr
  enum: MathLr
  kind: math-lr
  mode: inline
  fields:
    - size
    - body

math.mat
  enum: MathMat
  kind: math-mat
  mode: inline
  fields:
    - delim
    - align
    - augment
    - gap
    - row-gap
    - column-gap
    - rows

math.mid
  enum: MathMid
  kind: math-mid
  mode: inline
  fields:
    - body

math.op
  enum: MathOp
  kind: math-op
  mode: inline
  fields:
    - text
    - limits

math.overbrace
  enum: MathOverbrace
  kind: math-overbrace
  mode: inline
  fields:
    - body
    - annotation

math.overbracket
  enum: MathOverbracket
  kind: math-overbracket
  mode: inline
  fields:
    - body
    - annotation

math.overline
  enum: MathOverline
  kind: math-overline
  mode: inline
  fields:
    - body

math.overparen
  enum: MathOverparen
  kind: math-overparen
  mode: inline
  fields:
    - body
    - annotation

math.overshell
  enum: MathOvershell
  kind: math-overshell
  mode: inline
  fields:
    - body
    - annotation

math.primes
  enum: MathPrimes
  kind: math-primes
  mode: inline
  fields:
    - count

math.root
  enum: MathRoot
  kind: math-root
  mode: inline
  fields:
    - index
    - radicand

math.scripts
  enum: MathScripts
  kind: math-scripts
  mode: inline
  fields:
    - body

math.stretch
  enum: MathStretch
  kind: math-stretch
  mode: inline
  fields:
    - body
    - size

math.underbrace
  enum: MathUnderbrace
  kind: math-underbrace
  mode: inline
  fields:
    - body
    - annotation

math.underbracket
  enum: MathUnderbracket
  kind: math-underbracket
  mode: inline
  fields:
    - body
    - annotation

math.underline
  enum: MathUnderline
  kind: math-underline
  mode: inline
  fields:
    - body

math.underparen
  enum: MathUnderparen
  kind: math-underparen
  mode: inline
  fields:
    - body
    - annotation

math.undershell
  enum: MathUndershell
  kind: math-undershell
  mode: inline
  fields:
    - body
    - annotation

math.vec
  enum: MathVec
  kind: math-vec
  mode: inline
  fields:
    - delim
    - align
    - gap
    - children

metadata
  enum: Metadata
  kind: metadata
  mode: inline
  fields:
    - value

move
  enum: Move
  kind: move
  mode: inline
  fields:
    - dx
    - dy
    - body

outline
  enum: Outline
  kind: outline
  mode: block
  fields:
    - title
    - target
    - depth
    - indent

outline.entry
  enum: OutlineEntry
  kind: outline-entry
  mode: inline
  fields:
    - level
    - element
    - fill

overline
  enum: Overline
  kind: overline
  mode: inline
  fields:
    - stroke
    - offset
    - extent
    - evade
    - background
    - body

pad
  enum: Pad
  kind: pad
  mode: inline
  fields:
    - left
    - top
    - right
    - bottom
    - x
    - y
    - rest
    - body

page
  enum: Page
  kind: page
  mode: inline
  fields:
    - paper
    - width
    - height
    - flipped
    - margin
    - binding
    - columns
    - fill
    - numbering
    - supplement
    - number-align
    - header
    - header-ascent
    - footer
    - footer-descent
    - background
    - foreground
    - body

pagebreak
  enum: Pagebreak
  kind: pagebreak
  mode: block
  fields:
    - weak
    - to

par
  enum: Par
  kind: paragraph
  mode: block
  fields:
    - leading
    - spacing
    - justify
    - justification-limits
    - linebreaks
    - first-line-indent
    - hanging-indent
    - body

par.line
  enum: ParLine
  kind: par-line
  mode: inline
  fields:
    - numbering
    - number-align
    - number-margin
    - number-clearance
    - numbering-scope

parbreak
  enum: Parbreak
  kind: parbreak
  mode: block
  fields: []

path
  enum: Path
  kind: path
  mode: inline
  fields:
    - fill
    - fill-rule
    - stroke
    - closed
    - vertices

pdf.artifact
  enum: PdfArtifact
  kind: pdf-artifact
  mode: inline
  fields:
    - kind
    - body

pdf.attach
  enum: PdfAttach
  kind: pdf-attach
  mode: inline
  fields:
    - path
    - data
    - relationship
    - mime-type
    - description

pdf.embed
  enum: PdfEmbed
  kind: pdf-embed
  mode: inline
  fields:
    - path
    - data
    - relationship
    - mime-type
    - description

place
  enum: Place
  kind: place
  mode: inline
  fields:
    - alignment
    - scope
    - float
    - clearance
    - dx
    - dy
    - body

place.flush
  enum: PlaceFlush
  kind: place-flush
  mode: inline
  fields: []

polygon
  enum: Polygon
  kind: polygon
  mode: inline
  fields:
    - fill
    - fill-rule
    - stroke
    - vertices

quote
  enum: Quote
  kind: quote
  mode: block-or-inline
  fields:
    - block
    - quotes
    - attribution
    - body

raw
  enum: Raw
  kind: raw
  mode: block-or-inline
  fields:
    - text
    - block
    - lang
    - align
    - syntaxes
    - theme
    - tab-size
    - lines

raw.line
  enum: RawLine
  kind: raw-line
  mode: inline
  fields:
    - number
    - count
    - text
    - body

rect
  enum: Rect
  kind: rect
  mode: inline
  fields:
    - width
    - height
    - fill
    - stroke
    - radius
    - inset
    - outset
    - body

ref
  enum: Ref
  kind: ref
  mode: inline
  fields:
    - target
    - supplement
    - form
    - citation
    - element

repeat
  enum: Repeat
  kind: repeat
  mode: inline
  fields:
    - body
    - gap
    - justify

rotate
  enum: Rotate
  kind: rotate
  mode: inline
  fields:
    - angle
    - origin
    - reflow
    - body

scale
  enum: Scale
  kind: scale
  mode: inline
  fields:
    - factor
    - x
    - y
    - origin
    - reflow
    - body

skew
  enum: Skew
  kind: skew
  mode: inline
  fields:
    - ax
    - ay
    - origin
    - reflow
    - body

smallcaps
  enum: Smallcaps
  kind: smallcaps
  mode: inline
  fields:
    - all
    - body

smartquote
  enum: Smartquote
  kind: smartquote
  mode: inline
  fields:
    - double
    - enabled
    - alternative
    - quotes

square
  enum: Square
  kind: square
  mode: inline
  fields:
    - size
    - width
    - height
    - fill
    - stroke
    - radius
    - inset
    - outset
    - body

stack
  enum: Stack
  kind: stack
  mode: block
  fields:
    - dir
    - spacing
    - children

strike
  enum: Strike
  kind: strike
  mode: inline
  fields:
    - stroke
    - offset
    - extent
    - background
    - body

strong
  enum: Strong
  kind: strong
  mode: inline
  fields:
    - delta
    - body

sub
  enum: Sub
  kind: sub
  mode: inline
  fields:
    - typographic
    - baseline
    - size
    - body

super
  enum: Super
  kind: super
  mode: inline
  fields:
    - typographic
    - baseline
    - size
    - body

table
  enum: Table
  kind: table
  mode: block
  fields:
    - columns
    - rows
    - gutter
    - column-gutter
    - row-gutter
    - inset
    - align
    - fill
    - stroke
    - children

table.cell
  enum: TableCell
  kind: table-cell
  mode: inline
  fields:
    - body
    - x
    - y
    - colspan
    - rowspan
    - inset
    - align
    - fill
    - stroke
    - breakable

table.footer
  enum: TableFooter
  kind: table-footer
  mode: inline
  fields:
    - repeat
    - children

table.header
  enum: TableHeader
  kind: table-header
  mode: inline
  fields:
    - repeat
    - level
    - children

table.hline
  enum: TableHline
  kind: table-hline
  mode: inline
  fields:
    - y
    - start
    - end
    - stroke
    - position

table.vline
  enum: TableVline
  kind: table-vline
  mode: inline
  fields:
    - x
    - start
    - end
    - stroke
    - position

terms
  enum: Terms
  kind: terms
  mode: block
  fields:
    - tight
    - separator
    - indent
    - hanging-indent
    - spacing
    - children

title
  enum: Title
  kind: title
  mode: block
  fields:
    - body

underline
  enum: Underline
  kind: underline
  mode: inline
  fields:
    - stroke
    - offset
    - extent
    - evade
    - background
    - body

v
  enum: V
  kind: v
  mode: block
  fields:
    - amount
    - weak
