---
source: crates/typlite/tests/convert.rs
expression: markdown
input_file: crates/typlite/fixtures/convert/image_read_source.typ
---
![Read image](data:image/svg+xml;base64,PHN2ZyB4bWxucz0iaHR0cDovL3d3dy53My5vcmcvMjAwMC9zdmciIHdpZHRoPSIxNiIgaGVpZ2h0PSIxNiIgdmlld0JveD0iMCAwIDE2IDE2Ij4KICA8cmVjdCB3aWR0aD0iMTYiIGhlaWdodD0iMTYiIGZpbGw9InJlZCIvPgo8L3N2Zz4=)
