---
source: crates/typlite/tests/convert.rs
expression: markdown
input_file: crates/typlite/fixtures/convert/reference_semantics.typ
---
# Target Section

Plain reference: [Target Section](#target-section).

Named reference: [the target section](#target-section).

Explicit reference: [custom target](#target-section).

Footnote call: ^[Footnote body with *emphasis*.]
