---
source: crates/typlite/tests/convert.rs
expression: render_debug_html(&html.root)
input_file: crates/typlite/fixtures/convert/reference_semantics.typ
---
<html>
  <head>
    <meta charset="utf-8">
    <meta name="viewport" content="width=device-width, initial-scale=1">
  <body>
    tag
    <typlite-heading>
      <span data-typlite-field="true" name="level" kind="integer">
        text "1"
      <span data-typlite-field="true" name="depth" kind="integer">
        text "1"
      <span data-typlite-field="true" name="offset" kind="integer">
        text "0"
      <span data-typlite-field="true" name="numbering" kind="none">
      <span data-typlite-field="true" name="supplement" kind="content">
        text "Section"
      <span data-typlite-field="true" name="outlined" kind="boolean">
        text "true"
      <span data-typlite-field="true" name="bookmarked" kind="auto">
        text "auto"
      <span data-typlite-field="true" name="hanging-indent" kind="auto">
        text "auto"
      <span data-typlite-field="true" name="body" kind="content">
        text "Target Section"
    tag
    <typlite-parbreak>
    tag
    <typlite-paragraph>
      <span data-typlite-field="true" name="leading" kind="length">
        text "0.65em"
      <span data-typlite-field="true" name="spacing" kind="length">
        text "1.2em"
      <span data-typlite-field="true" name="justify" kind="boolean">
        text "false"
      <span data-typlite-field="true" name="justification-limits" kind="dictionary">
        <span data-typlite-field="true" name="spacing" kind="dictionary">
          <span data-typlite-field="true" name="min" kind="relative length">
            text "66.67% + 0pt"
          <span data-typlite-field="true" name="max" kind="relative length">
            text "150% + 0pt"
        <span data-typlite-field="true" name="tracking" kind="dictionary">
          <span data-typlite-field="true" name="min" kind="length">
            text "0pt"
          <span data-typlite-field="true" name="max" kind="length">
            text "0pt"
      <span data-typlite-field="true" name="linebreaks" kind="auto">
        text "auto"
      <span data-typlite-field="true" name="first-line-indent" kind="dictionary">
        <span data-typlite-field="true" name="amount" kind="length">
          text "0pt"
        <span data-typlite-field="true" name="all" kind="boolean">
          text "false"
      <span data-typlite-field="true" name="hanging-indent" kind="length">
        text "0pt"
      <span data-typlite-field="true" name="body" kind="content">
        text "Plain reference"
        text ":"
        text " "
        tag
        <span data-typlite="ref">
          <span data-typlite-field="true" name="target" kind="label">
            text "target-section"
          <span data-typlite-field="true" name="supplement" kind="auto">
            text "auto"
          <span data-typlite-field="true" name="form" kind="string">
            text "normal"
          <span data-typlite-field="true" name="citation" kind="content">
            tag
            <span data-typlite="cite">
              <span data-typlite-field="true" name="key" kind="label">
                text "target-section"
              <span data-typlite-field="true" name="supplement" kind="none">
              <span data-typlite-field="true" name="form" kind="string">
                text "normal"
              <span data-typlite-field="true" name="style" kind="auto">
                text "auto"
            tag
          <span data-typlite-field="true" name="element" kind="content">
            tag
            <typlite-heading>
              <span data-typlite-field="true" name="level" kind="integer">
                text "1"
              <span data-typlite-field="true" name="depth" kind="integer">
                text "1"
              <span data-typlite-field="true" name="offset" kind="integer">
                text "0"
              <span data-typlite-field="true" name="numbering" kind="none">
              <span data-typlite-field="true" name="supplement" kind="content">
                text "Section"
              <span data-typlite-field="true" name="outlined" kind="boolean">
                text "true"
              <span data-typlite-field="true" name="bookmarked" kind="auto">
                text "auto"
              <span data-typlite-field="true" name="hanging-indent" kind="auto">
                text "auto"
              <span data-typlite-field="true" name="body" kind="content">
                text "Target Section"
            tag
        tag
        text "."
    tag
    <typlite-parbreak>
    tag
    <typlite-paragraph>
      <span data-typlite-field="true" name="leading" kind="length">
        text "0.65em"
      <span data-typlite-field="true" name="spacing" kind="length">
        text "1.2em"
      <span data-typlite-field="true" name="justify" kind="boolean">
        text "false"
      <span data-typlite-field="true" name="justification-limits" kind="dictionary">
        <span data-typlite-field="true" name="spacing" kind="dictionary">
          <span data-typlite-field="true" name="min" kind="relative length">
            text "66.67% + 0pt"
          <span data-typlite-field="true" name="max" kind="relative length">
            text "150% + 0pt"
        <span data-typlite-field="true" name="tracking" kind="dictionary">
          <span data-typlite-field="true" name="min" kind="length">
            text "0pt"
          <span data-typlite-field="true" name="max" kind="length">
            text "0pt"
      <span data-typlite-field="true" name="linebreaks" kind="auto">
        text "auto"
      <span data-typlite-field="true" name="first-line-indent" kind="dictionary">
        <span data-typlite-field="true" name="amount" kind="length">
          text "0pt"
        <span data-typlite-field="true" name="all" kind="boolean">
          text "false"
      <span data-typlite-field="true" name="hanging-indent" kind="length">
        text "0pt"
      <span data-typlite-field="true" name="body" kind="content">
        text "Named reference"
        text ":"
        text " "
        tag
        <span data-typlite="ref">
          <span data-typlite-field="true" name="target" kind="label">
            text "target-section"
          <span data-typlite-field="true" name="supplement" kind="content">
            text "the target section"
          <span data-typlite-field="true" name="form" kind="string">
            text "normal"
          <span data-typlite-field="true" name="citation" kind="content">
            tag
            <span data-typlite="cite">
              <span data-typlite-field="true" name="key" kind="label">
                text "target-section"
              <span data-typlite-field="true" name="supplement" kind="content">
                text "the target section"
              <span data-typlite-field="true" name="form" kind="string">
                text "normal"
              <span data-typlite-field="true" name="style" kind="auto">
                text "auto"
            tag
          <span data-typlite-field="true" name="element" kind="content">
            tag
            <typlite-heading>
              <span data-typlite-field="true" name="level" kind="integer">
                text "1"
              <span data-typlite-field="true" name="depth" kind="integer">
                text "1"
              <span data-typlite-field="true" name="offset" kind="integer">
                text "0"
              <span data-typlite-field="true" name="numbering" kind="none">
              <span data-typlite-field="true" name="supplement" kind="content">
                text "Section"
              <span data-typlite-field="true" name="outlined" kind="boolean">
                text "true"
              <span data-typlite-field="true" name="bookmarked" kind="auto">
                text "auto"
              <span data-typlite-field="true" name="hanging-indent" kind="auto">
                text "auto"
              <span data-typlite-field="true" name="body" kind="content">
                text "Target Section"
            tag
        tag
        text "."
    tag
    <typlite-parbreak>
    tag
    <typlite-paragraph>
      <span data-typlite-field="true" name="leading" kind="length">
        text "0.65em"
      <span data-typlite-field="true" name="spacing" kind="length">
        text "1.2em"
      <span data-typlite-field="true" name="justify" kind="boolean">
        text "false"
      <span data-typlite-field="true" name="justification-limits" kind="dictionary">
        <span data-typlite-field="true" name="spacing" kind="dictionary">
          <span data-typlite-field="true" name="min" kind="relative length">
            text "66.67% + 0pt"
          <span data-typlite-field="true" name="max" kind="relative length">
            text "150% + 0pt"
        <span data-typlite-field="true" name="tracking" kind="dictionary">
          <span data-typlite-field="true" name="min" kind="length">
            text "0pt"
          <span data-typlite-field="true" name="max" kind="length">
            text "0pt"
      <span data-typlite-field="true" name="linebreaks" kind="auto">
        text "auto"
      <span data-typlite-field="true" name="first-line-indent" kind="dictionary">
        <span data-typlite-field="true" name="amount" kind="length">
          text "0pt"
        <span data-typlite-field="true" name="all" kind="boolean">
          text "false"
      <span data-typlite-field="true" name="hanging-indent" kind="length">
        text "0pt"
      <span data-typlite-field="true" name="body" kind="content">
        text "Explicit reference"
        text ":"
        text " "
        tag
        <span data-typlite="ref">
          <span data-typlite-field="true" name="target" kind="label">
            text "target-section"
          <span data-typlite-field="true" name="supplement" kind="content">
            text "custom target"
          <span data-typlite-field="true" name="form" kind="string">
            text "normal"
          <span data-typlite-field="true" name="citation" kind="content">
            tag
            <span data-typlite="cite">
              <span data-typlite-field="true" name="key" kind="label">
                text "target-section"
              <span data-typlite-field="true" name="supplement" kind="content">
                text "custom target"
              <span data-typlite-field="true" name="form" kind="string">
                text "normal"
              <span data-typlite-field="true" name="style" kind="auto">
                text "auto"
            tag
          <span data-typlite-field="true" name="element" kind="content">
            tag
            <typlite-heading>
              <span data-typlite-field="true" name="level" kind="integer">
                text "1"
              <span data-typlite-field="true" name="depth" kind="integer">
                text "1"
              <span data-typlite-field="true" name="offset" kind="integer">
                text "0"
              <span data-typlite-field="true" name="numbering" kind="none">
              <span data-typlite-field="true" name="supplement" kind="content">
                text "Section"
              <span data-typlite-field="true" name="outlined" kind="boolean">
                text "true"
              <span data-typlite-field="true" name="bookmarked" kind="auto">
                text "auto"
              <span data-typlite-field="true" name="hanging-indent" kind="auto">
                text "auto"
              <span data-typlite-field="true" name="body" kind="content">
                text "Target Section"
            tag
        tag
        text "."
    tag
    <typlite-parbreak>
    tag
    <typlite-paragraph>
      <span data-typlite-field="true" name="leading" kind="length">
        text "0.65em"
      <span data-typlite-field="true" name="spacing" kind="length">
        text "1.2em"
      <span data-typlite-field="true" name="justify" kind="boolean">
        text "false"
      <span data-typlite-field="true" name="justification-limits" kind="dictionary">
        <span data-typlite-field="true" name="spacing" kind="dictionary">
          <span data-typlite-field="true" name="min" kind="relative length">
            text "66.67% + 0pt"
          <span data-typlite-field="true" name="max" kind="relative length">
            text "150% + 0pt"
        <span data-typlite-field="true" name="tracking" kind="dictionary">
          <span data-typlite-field="true" name="min" kind="length">
            text "0pt"
          <span data-typlite-field="true" name="max" kind="length">
            text "0pt"
      <span data-typlite-field="true" name="linebreaks" kind="auto">
        text "auto"
      <span data-typlite-field="true" name="first-line-indent" kind="dictionary">
        <span data-typlite-field="true" name="amount" kind="length">
          text "0pt"
        <span data-typlite-field="true" name="all" kind="boolean">
          text "false"
      <span data-typlite-field="true" name="hanging-indent" kind="length">
        text "0pt"
      <span data-typlite-field="true" name="body" kind="content">
        text "Footnote call"
        text ":"
        text " "
        tag
        <span data-typlite="footnote">
          <span data-typlite-field="true" name="numbering" kind="string">
            text "1"
          <span data-typlite-field="true" name="body" kind="content">
            text "Footnote body with"
            text " "
            tag
            <span data-typlite="emph">
              <span data-typlite-field="true" name="body" kind="content">
                text "emphasis"
            tag
            text "."
        tag
    tag
    <section role="doc-endnotes">
      <ol style="list-style-type: none">
        tag
        <li>
          tag
          <span data-typlite="footnote-entry">
            <span data-typlite-field="true" name="note" kind="content">
              tag
              <span data-typlite="footnote">
                <span data-typlite-field="true" name="numbering" kind="string">
                  text "1"
                <span data-typlite-field="true" name="body" kind="content">
                  text "Footnote body with"
                  text " "
                  tag
                  <span data-typlite="emph">
                    <span data-typlite-field="true" name="body" kind="content">
                      text "emphasis"
                  tag
                  text "."
              tag
            <span data-typlite-field="true" name="separator" kind="content">
              <span data-typlite="line">
                <span data-typlite-field="true" name="start" kind="array">
                  <span data-typlite-field="true" name="0" kind="relative length">
                    text "0% + 0pt"
                  <span data-typlite-field="true" name="1" kind="relative length">
                    text "0% + 0pt"
                <span data-typlite-field="true" name="end" kind="none">
                <span data-typlite-field="true" name="length" kind="relative length">
                  text "30% + 0pt"
                <span data-typlite-field="true" name="angle" kind="angle">
                  text "0deg"
                <span data-typlite-field="true" name="stroke" kind="stroke">
                  text "0.5pt"
                <span data-typlite-field="true" name="frame" kind="frame">
                  frame
            <span data-typlite-field="true" name="clearance" kind="length">
              text "1em"
            <span data-typlite-field="true" name="gap" kind="length">
              text "0.5em"
            <span data-typlite-field="true" name="indent" kind="length">
              text "1em"
          tag
        tag
